Renesas Optimizing Linker (W3.02.00 )             21-Jul-2022 15:37:44

*** Options ***

-subcommand=DefaultBuild\test project for github.clnk
-Input=DefaultBuild\cstart.obj
-Input=DefaultBuild\hdwinit.obj
-Input=DefaultBuild\main.obj
-Input=DefaultBuild\stkinit.obj
-SECURITY_ID=00000000000000000000
-DEVICE=C:\Program Files (x86)\Renesas Electronics\CS+\CC\Device\RL78\Devicefile\DR5F1016A.DVF
-DEBug
-NOCOmpress
-NOOPtimize
-OUtput=DefaultBuild\test project for github.abs
-LIBrary=C:\Program Files (x86)\Renesas Electronics\CS+\CC\CC-RL\V1.09.00\lib\rl78cm4s.lib
-LIBrary=C:\Program Files (x86)\Renesas Electronics\CS+\CC\CC-RL\V1.09.00\lib\malloc_n.lib
-LIBrary=C:\Program Files (x86)\Renesas Electronics\CS+\CC\CC-RL\V1.09.00\lib\rl78cm4r.lib
-LISt=DefaultBuild\test project for github.map
-AUTO_SECTION_LAYOUT
-ROm=.data=.dataR
-ROm=.sdata=.sdataR
-NOMessage
-MEMory=High
-NOLOgo
-end

*** Error information ***

W0561520:"user option byte" in ".option_byte" created by device file
W0561520:"on chip debug" in ".option_byte" created by device file

*** Mapping List ***

SECTION                            START      END         SIZE   ALIGN
.vect
                                  00000000  0000007f        80   0
.constf
                                  00000080  00000080         0   2
.data
                                  00000080  00000080         0   2
.sdata
                                  00000080  00000080         0   2
.option_byte
                                  000000c0  000000c3         4   1
.security_id
                                  000000c4  000000cd         a   1
.RLIB
                                  000000c4  000000c4         0   1
.SLIB
                                  000000c4  000000c4         0   1
.text
                                  000000ce  00000127        5a   1
.textf
                                  00000128  0000016d        46   1
.const
                                  00002000  00002000         0   2
.bss
                                  000ff700  000ff700         0   2
.dataR
                                  000ff700  000ff700         0   2
.sbss
                                  000ffe20  000ffe20         0   2
.sdataR
                                  000ffe20  000ffe20         0   2
